FILE_TYPE=LIBRARY_PARTS;
PRIMITIVE 'APT3216LSECK_J3_PRV','APT3216LSECK_J3_PRV_LEDs Chip';
  PIN
    'K':
      PIN_NUMBER='(1)';
      NO_LOAD_CHECK=BOTH;
      NO_IO_CHECK=BOTH;
      ALLOW_CONNECT=TRUE;
      PINUSE='UNSPEC';
    'A':
      PIN_NUMBER='(2)';
      NO_LOAD_CHECK=BOTH;
      NO_IO_CHECK=BOTH;
      ALLOW_CONNECT=TRUE;
      PINUSE='UNSPEC';
  END_PIN;
  BODY
    PART_NAME='APT3216LSECK_J3_PRV';
    PHYS_DES_PREFIX='LED';
    NO_LOAD_CHECK='TRUE';
    PIN_COUNT='2';
    BODY_NAME='APT3216LSECK_J3_PRV';
    JEDEC_TYPE='LEDC3216X95N';
  END_BODY;
END_PRIMITIVE;
END.
