FILE_TYPE=LIBRARY_PARTS;
PRIMITIVE '22_23_2021','22_23_2021_Header, Shrouded - Straight PTH Box';
  PIN
    '1':
      PIN_NUMBER='(1)';
      NO_LOAD_CHECK=BOTH;
      NO_IO_CHECK=BOTH;
      ALLOW_CONNECT=TRUE;
      PINUSE='UNSPEC';
    '2':
      PIN_NUMBER='(2)';
      NO_LOAD_CHECK=BOTH;
      NO_IO_CHECK=BOTH;
      ALLOW_CONNECT=TRUE;
      PINUSE='UNSPEC';
  END_PIN;
  BODY
    PART_NAME='22_23_2021';
    PHYS_DES_PREFIX='J';
    NO_LOAD_CHECK='TRUE';
    PIN_COUNT='2';
    BODY_NAME='22_23_2021';
    JEDEC_TYPE='SHDR2W87P0X254_1X2_493X635X1105P';
  END_BODY;
END_PRIMITIVE;
END.
