FILE_TYPE=LIBRARY_PARTS;
PRIMITIVE '1N4148WS_HG3_08','1N4148WS_HG3_08_Small Outline Diode';
  PIN
    'K':
      PIN_NUMBER='(1)';
      NO_LOAD_CHECK=BOTH;
      NO_IO_CHECK=BOTH;
      ALLOW_CONNECT=TRUE;
      PINUSE='UNSPEC';
    'A':
      PIN_NUMBER='(2)';
      NO_LOAD_CHECK=BOTH;
      NO_IO_CHECK=BOTH;
      ALLOW_CONNECT=TRUE;
      PINUSE='UNSPEC';
  END_PIN;
  BODY
    PART_NAME='1N4148WS_HG3_08';
    PHYS_DES_PREFIX='D';
    NO_LOAD_CHECK='TRUE';
    PIN_COUNT='2';
    BODY_NAME='1N4148WS_HG3_08';
    JEDEC_TYPE='SOD2713X115N';
  END_BODY;
END_PRIMITIVE;
END.
